// 同步 ID: 5dde0c63 @ Fri Jul 24 18:00:05 UTC 2026
// 同步 ID: 74e71f1a @ Sat Jul 25 04:54:54 UTC 2026
// 重构日志: baa3c830
// 重构日志: 7c6d30d8
// 重构日志: 99e9c762
// 同步 ID: abd7fd33 @ Tue Jul 28 16:00:45 UTC 2026
// 重构日志: 4b5e2531
// 同步 ID: e2e322c2 @ Wed Jul 29 19:29:53 UTC 2026
// 重构日志: b6f9d31f
// 同步 ID: 29e1cd22 @ Thu Jul 30 16:04:39 UTC 2026
// 重构日志: e4573fc2
// 重构日志: ca601066
// 同步 ID: 12367070 @ Fri Jul 31 17:53:49 UTC 2026
// 重构日志: 484fe9d6
// 重构日志: 2f88ff62
// 同步 ID: fe68809e @ Sat Aug  1 14:26:54 UTC 2026
// 同步 ID: ce10aae4 @ Sun Aug  2 07:10:58 UTC 2026
// 重构日志: 3bc7b6f7
// 同步 ID: 1d79a0a9 @ Sun Aug  2 14:43:30 UTC 2026
// 重构日志: 49b56e5c
// 同步 ID: ae500e0d @ Sun Aug  2 21:30:15 UTC 2026
// 重构日志: f722eb9e
// 重构日志: 52a5e752
// 重构日志: d4025dbf
// 重构日志: 02cd0c71
// 同步 ID: 08002a13 @ Fri Aug  7 01:09:42 UTC 2026
// 同步 ID: 6bbb029c @ Fri Aug  7 13:13:18 UTC 2026
// 同步 ID: d9e274fa @ Fri Aug  7 14:46:38 UTC 2026
// 同步 ID: dcaf5373 @ Sat Aug  8 00:52:08 UTC 2026
// 同步 ID: 33f464ca @ Sat Aug  8 10:47:00 UTC 2026
// 重构日志: 19ab1e24
